[2026-09-05 15:44:25] [INFO] Starting Universal Benchmark Engine
[2026-09-05 15:44:25] [INFO] Run ID: 20260905_154425_66784 | Node: chrisarg-HP-Z840-Workstation (e0:d3:62:43:18:3f) | Context: Manual
[2026-09-05 15:44:25] [INFO] Seed: 12345 (reproducible grid order)
[2026-09-05 15:44:25] [INFO] BUILDING: make -C ../ -f Makefile -B build/cpu_param_sweep GPU=NONE CC=clang OPT=-O3 APPLY_LTO=1 MARCH=native LIBPOPCNT=0 CPU_TILE=32 BITVECTOR_TILE=512 BUFFER_SIZE=4096 OUTER_ROW_NUM=4 OUTER_COL_NUM=4 OUTER_VEC_BLK=4
[2026-09-05 15:44:37] [DEBUG] RUNNING: taskset -c 0-71 env OMP_PLACES=cores OMP_PROC_BIND=spread numactl --interleave=all ../build/cpu_param_sweep 65536 1024 1024 2
[2026-09-05 15:44:38] [DEBUG] RUNNING: taskset -c 0-71 env OMP_PLACES=cores OMP_PROC_BIND=spread numactl --interleave=all ../build/cpu_param_sweep 65536 1024 1024 1
[2026-09-05 15:44:41] [DEBUG] RUNNING: taskset -c 0-71 env OMP_PLACES=cores OMP_PROC_BIND=close numactl --interleave=all ../build/cpu_param_sweep 262144 1024 1024 8
[2026-09-05 15:44:42] [DEBUG] RUNNING: taskset -c 0-71 env OMP_PLACES=cores OMP_PROC_BIND=spread numactl --interleave=all ../build/cpu_param_sweep 65536 1024 1024 18
[2026-09-05 15:44:42] [DEBUG] RUNNING: taskset -c 0-71 env OMP_PLACES=cores OMP_PROC_BIND=close numactl --interleave=all ../build/cpu_param_sweep 262144 1024 1024 20
[2026-09-05 15:44:43] [DEBUG] RUNNING: taskset -c 0-71 env OMP_PLACES=cores OMP_PROC_BIND=spread numactl --interleave=all ../build/cpu_param_sweep 65536 1024 1024 72
[2026-09-05 15:44:43] [DEBUG] RUNNING: taskset -c 0-71 env OMP_PLACES=cores OMP_PROC_BIND=close numactl --interleave=all ../build/cpu_param_sweep 65536 1024 1024 54
[2026-09-05 15:44:43] [DEBUG] RUNNING: taskset -c 0-71 env OMP_PLACES=cores OMP_PROC_BIND=close numactl --interleave=all ../build/cpu_param_sweep 65536 1024 1024 1
[2026-09-05 15:44:45] [DEBUG] RUNNING: taskset -c 0-71 env OMP_PLACES=cores OMP_PROC_BIND=close numactl --interleave=all ../build/cpu_param_sweep 262144 1024 1024 2
[2026-09-05 15:44:50] [DEBUG] RUNNING: taskset -c 0-71 env OMP_PLACES=cores OMP_PROC_BIND=spread numactl --interleave=all ../build/cpu_param_sweep 262144 1024 1024 20
[2026-09-05 15:44:51] [DEBUG] RUNNING: taskset -c 0-71 env OMP_PLACES=cores OMP_PROC_BIND=spread numactl --interleave=all ../build/cpu_param_sweep 262144 1024 1024 8
[2026-09-05 15:44:52] [DEBUG] RUNNING: taskset -c 0-71 env OMP_PLACES=cores OMP_PROC_BIND=spread numactl --interleave=all ../build/cpu_param_sweep 65536 1024 1024 36
[2026-09-05 15:44:52] [DEBUG] RUNNING: taskset -c 0-71 env OMP_PLACES=cores OMP_PROC_BIND=close numactl --interleave=all ../build/cpu_param_sweep 65536 1024 1024 20
[2026-09-05 15:44:52] [DEBUG] RUNNING: taskset -c 0-71 env OMP_PLACES=cores OMP_PROC_BIND=spread numactl --interleave=all ../build/cpu_param_sweep 262144 1024 1024 2
[2026-09-05 15:44:57] [DEBUG] RUNNING: taskset -c 0-71 env OMP_PLACES=cores OMP_PROC_BIND=spread numactl --interleave=all ../build/cpu_param_sweep 262144 1024 1024 36
[2026-09-05 15:44:57] [DEBUG] RUNNING: taskset -c 0-71 env OMP_PLACES=cores OMP_PROC_BIND=spread numactl --interleave=all ../build/cpu_param_sweep 262144 1024 1024 72
[2026-09-05 15:44:58] [DEBUG] RUNNING: taskset -c 0-71 env OMP_PLACES=cores OMP_PROC_BIND=close numactl --interleave=all ../build/cpu_param_sweep 262144 1024 1024 18
[2026-09-05 15:44:59] [DEBUG] RUNNING: taskset -c 0-71 env OMP_PLACES=cores OMP_PROC_BIND=close numactl --interleave=all ../build/cpu_param_sweep 65536 1024 1024 54
[2026-09-05 15:44:59] [DEBUG] RUNNING: taskset -c 0-71 env OMP_PLACES=cores OMP_PROC_BIND=spread numactl --interleave=all ../build/cpu_param_sweep 65536 1024 1024 4
[2026-09-05 15:45:00] [DEBUG] RUNNING: taskset -c 0-71 env OMP_PLACES=cores OMP_PROC_BIND=close numactl --interleave=all ../build/cpu_param_sweep 65536 1024 1024 72
[2026-09-05 15:45:00] [DEBUG] RUNNING: taskset -c 0-71 env OMP_PLACES=cores OMP_PROC_BIND=spread numactl --interleave=all ../build/cpu_param_sweep 262144 1024 1024 36
[2026-09-05 15:45:00] [DEBUG] RUNNING: taskset -c 0-71 env OMP_PLACES=cores OMP_PROC_BIND=close numactl --interleave=all ../build/cpu_param_sweep 262144 1024 1024 1
[2026-09-05 15:45:09] [DEBUG] RUNNING: taskset -c 0-71 env OMP_PLACES=cores OMP_PROC_BIND=spread numactl --interleave=all ../build/cpu_param_sweep 262144 1024 1024 4
[2026-09-05 15:45:12] [DEBUG] RUNNING: taskset -c 0-71 env OMP_PLACES=cores OMP_PROC_BIND=close numactl --interleave=all ../build/cpu_param_sweep 65536 1024 1024 16
[2026-09-05 15:45:12] [DEBUG] RUNNING: taskset -c 0-71 env OMP_PLACES=cores OMP_PROC_BIND=spread numactl --interleave=all ../build/cpu_param_sweep 65536 1024 1024 20
[2026-09-05 15:45:12] [DEBUG] RUNNING: taskset -c 0-71 env OMP_PLACES=cores OMP_PROC_BIND=close numactl --interleave=all ../build/cpu_param_sweep 65536 1024 1024 2
[2026-09-05 15:45:13] [DEBUG] RUNNING: taskset -c 0-71 env OMP_PLACES=cores OMP_PROC_BIND=spread numactl --interleave=all ../build/cpu_param_sweep 65536 1024 1024 36
[2026-09-05 15:45:13] [DEBUG] RUNNING: taskset -c 0-71 env OMP_PLACES=cores OMP_PROC_BIND=spread numactl --interleave=all ../build/cpu_param_sweep 65536 1024 1024 36
[2026-09-05 15:45:14] [DEBUG] RUNNING: taskset -c 0-71 env OMP_PLACES=cores OMP_PROC_BIND=close numactl --interleave=all ../build/cpu_param_sweep 262144 1024 1024 8
[2026-09-05 15:45:15] [DEBUG] RUNNING: taskset -c 0-71 env OMP_PLACES=cores OMP_PROC_BIND=spread numactl --interleave=all ../build/cpu_param_sweep 65536 1024 1024 16
[2026-09-05 15:45:15] [DEBUG] RUNNING: taskset -c 0-71 env OMP_PLACES=cores OMP_PROC_BIND=close numactl --interleave=all ../build/cpu_param_sweep 262144 1024 1024 20
[2026-09-05 15:45:16] [DEBUG] RUNNING: taskset -c 0-71 env OMP_PLACES=cores OMP_PROC_BIND=spread numactl --interleave=all ../build/cpu_param_sweep 262144 1024 1024 72
[2026-09-05 15:45:17] [DEBUG] RUNNING: taskset -c 0-71 env OMP_PLACES=cores OMP_PROC_BIND=close numactl --interleave=all ../build/cpu_param_sweep 65536 1024 1024 16
[2026-09-05 15:45:17] [DEBUG] RUNNING: taskset -c 0-71 env OMP_PLACES=cores OMP_PROC_BIND=close numactl --interleave=all ../build/cpu_param_sweep 262144 1024 1024 20
[2026-09-05 15:45:18] [DEBUG] RUNNING: taskset -c 0-71 env OMP_PLACES=cores OMP_PROC_BIND=close numactl --interleave=all ../build/cpu_param_sweep 262144 1024 1024 72
[2026-09-05 15:45:18] [DEBUG] RUNNING: taskset -c 0-71 env OMP_PLACES=cores OMP_PROC_BIND=spread numactl --interleave=all ../build/cpu_param_sweep 262144 1024 1024 18
[2026-09-05 15:45:19] [DEBUG] RUNNING: taskset -c 0-71 env OMP_PLACES=cores OMP_PROC_BIND=spread numactl --interleave=all ../build/cpu_param_sweep 262144 1024 1024 36
[2026-09-05 15:45:20] [DEBUG] RUNNING: taskset -c 0-71 env OMP_PLACES=cores OMP_PROC_BIND=spread numactl --interleave=all ../build/cpu_param_sweep 262144 1024 1024 36
[2026-09-05 15:45:20] [DEBUG] RUNNING: taskset -c 0-71 env OMP_PLACES=cores OMP_PROC_BIND=spread numactl --interleave=all ../build/cpu_param_sweep 65536 1024 1024 4
[2026-09-05 15:45:21] [DEBUG] RUNNING: taskset -c 0-71 env OMP_PLACES=cores OMP_PROC_BIND=close numactl --interleave=all ../build/cpu_param_sweep 262144 1024 1024 72
[2026-09-05 15:45:21] [DEBUG] RUNNING: taskset -c 0-71 env OMP_PLACES=cores OMP_PROC_BIND=spread numactl --interleave=all ../build/cpu_param_sweep 262144 1024 1024 8
[2026-09-05 15:45:23] [DEBUG] RUNNING: taskset -c 0-71 env OMP_PLACES=cores OMP_PROC_BIND=close numactl --interleave=all ../build/cpu_param_sweep 65536 1024 1024 72
[2026-09-05 15:45:23] [DEBUG] RUNNING: taskset -c 0-71 env OMP_PLACES=cores OMP_PROC_BIND=spread numactl --interleave=all ../build/cpu_param_sweep 65536 1024 1024 54
[2026-09-05 15:45:23] [DEBUG] RUNNING: taskset -c 0-71 env OMP_PLACES=cores OMP_PROC_BIND=close numactl --interleave=all ../build/cpu_param_sweep 262144 1024 1024 36
[2026-09-05 15:45:24] [DEBUG] RUNNING: taskset -c 0-71 env OMP_PLACES=cores OMP_PROC_BIND=spread numactl --interleave=all ../build/cpu_param_sweep 262144 1024 1024 4
[2026-09-05 15:45:26] [DEBUG] RUNNING: taskset -c 0-71 env OMP_PLACES=cores OMP_PROC_BIND=spread numactl --interleave=all ../build/cpu_param_sweep 65536 1024 1024 16
[2026-09-05 15:45:26] [DEBUG] RUNNING: taskset -c 0-71 env OMP_PLACES=cores OMP_PROC_BIND=close numactl --interleave=all ../build/cpu_param_sweep 65536 1024 1024 2
[2026-09-05 15:45:27] [DEBUG] RUNNING: taskset -c 0-71 env OMP_PLACES=cores OMP_PROC_BIND=close numactl --interleave=all ../build/cpu_param_sweep 262144 1024 1024 2
[2026-09-05 15:45:32] [DEBUG] RUNNING: taskset -c 0-71 env OMP_PLACES=cores OMP_PROC_BIND=close numactl --interleave=all ../build/cpu_param_sweep 262144 1024 1024 72
[2026-09-05 15:45:33] [DEBUG] RUNNING: taskset -c 0-71 env OMP_PLACES=cores OMP_PROC_BIND=close numactl --interleave=all ../build/cpu_param_sweep 262144 1024 1024 2
[2026-09-05 15:45:37] [DEBUG] RUNNING: taskset -c 0-71 env OMP_PLACES=cores OMP_PROC_BIND=close numactl --interleave=all ../build/cpu_param_sweep 65536 1024 1024 36
[2026-09-05 15:45:37] [DEBUG] RUNNING: taskset -c 0-71 env OMP_PLACES=cores OMP_PROC_BIND=close numactl --interleave=all ../build/cpu_param_sweep 262144 1024 1024 4
[2026-09-05 15:45:40] [DEBUG] RUNNING: taskset -c 0-71 env OMP_PLACES=cores OMP_PROC_BIND=close numactl --interleave=all ../build/cpu_param_sweep 262144 1024 1024 2
[2026-09-05 15:45:44] [DEBUG] RUNNING: taskset -c 0-71 env OMP_PLACES=cores OMP_PROC_BIND=close numactl --interleave=all ../build/cpu_param_sweep 262144 1024 1024 20
[2026-09-05 15:45:45] [DEBUG] RUNNING: taskset -c 0-71 env OMP_PLACES=cores OMP_PROC_BIND=spread numactl --interleave=all ../build/cpu_param_sweep 262144 1024 1024 16
[2026-09-05 15:45:46] [DEBUG] RUNNING: taskset -c 0-71 env OMP_PLACES=cores OMP_PROC_BIND=close numactl --interleave=all ../build/cpu_param_sweep 262144 1024 1024 18
[2026-09-05 15:45:47] [DEBUG] RUNNING: taskset -c 0-71 env OMP_PLACES=cores OMP_PROC_BIND=spread numactl --interleave=all ../build/cpu_param_sweep 262144 1024 1024 2
[2026-09-05 15:45:51] [DEBUG] RUNNING: taskset -c 0-71 env OMP_PLACES=cores OMP_PROC_BIND=close numactl --interleave=all ../build/cpu_param_sweep 65536 1024 1024 36
[2026-09-05 15:45:51] [DEBUG] RUNNING: taskset -c 0-71 env OMP_PLACES=cores OMP_PROC_BIND=close numactl --interleave=all ../build/cpu_param_sweep 65536 1024 1024 36
[2026-09-05 15:45:51] [DEBUG] RUNNING: taskset -c 0-71 env OMP_PLACES=cores OMP_PROC_BIND=close numactl --interleave=all ../build/cpu_param_sweep 262144 1024 1024 54
[2026-09-05 15:45:52] [DEBUG] RUNNING: taskset -c 0-71 env OMP_PLACES=cores OMP_PROC_BIND=spread numactl --interleave=all ../build/cpu_param_sweep 65536 1024 1024 1
[2026-09-05 15:45:54] [DEBUG] RUNNING: taskset -c 0-71 env OMP_PLACES=cores OMP_PROC_BIND=spread numactl --interleave=all ../build/cpu_param_sweep 65536 1024 1024 8
[2026-09-05 15:45:55] [DEBUG] RUNNING: taskset -c 0-71 env OMP_PLACES=cores OMP_PROC_BIND=spread numactl --interleave=all ../build/cpu_param_sweep 65536 1024 1024 20
[2026-09-05 15:45:55] [DEBUG] RUNNING: taskset -c 0-71 env OMP_PLACES=cores OMP_PROC_BIND=close numactl --interleave=all ../build/cpu_param_sweep 65536 1024 1024 72
[2026-09-05 15:45:55] [DEBUG] RUNNING: taskset -c 0-71 env OMP_PLACES=cores OMP_PROC_BIND=close numactl --interleave=all ../build/cpu_param_sweep 65536 1024 1024 1
[2026-09-05 15:45:57] [DEBUG] RUNNING: taskset -c 0-71 env OMP_PLACES=cores OMP_PROC_BIND=close numactl --interleave=all ../build/cpu_param_sweep 262144 1024 1024 4
[2026-09-05 15:46:00] [DEBUG] RUNNING: taskset -c 0-71 env OMP_PLACES=cores OMP_PROC_BIND=spread numactl --interleave=all ../build/cpu_param_sweep 262144 1024 1024 36
[2026-09-05 15:46:00] [DEBUG] RUNNING: taskset -c 0-71 env OMP_PLACES=cores OMP_PROC_BIND=close numactl --interleave=all ../build/cpu_param_sweep 262144 1024 1024 72
[2026-09-05 15:46:01] [DEBUG] RUNNING: taskset -c 0-71 env OMP_PLACES=cores OMP_PROC_BIND=spread numactl --interleave=all ../build/cpu_param_sweep 262144 1024 1024 36
[2026-09-05 15:46:01] [DEBUG] RUNNING: taskset -c 0-71 env OMP_PLACES=cores OMP_PROC_BIND=close numactl --interleave=all ../build/cpu_param_sweep 65536 1024 1024 72
[2026-09-05 15:46:01] [DEBUG] RUNNING: taskset -c 0-71 env OMP_PLACES=cores OMP_PROC_BIND=spread numactl --interleave=all ../build/cpu_param_sweep 65536 1024 1024 8
[2026-09-05 15:46:02] [DEBUG] RUNNING: taskset -c 0-71 env OMP_PLACES=cores OMP_PROC_BIND=close numactl --interleave=all ../build/cpu_param_sweep 262144 1024 1024 54
[2026-09-05 15:46:02] [DEBUG] RUNNING: taskset -c 0-71 env OMP_PLACES=cores OMP_PROC_BIND=close numactl --interleave=all ../build/cpu_param_sweep 65536 1024 1024 54
[2026-09-05 15:46:03] [DEBUG] RUNNING: taskset -c 0-71 env OMP_PLACES=cores OMP_PROC_BIND=spread numactl --interleave=all ../build/cpu_param_sweep 262144 1024 1024 36
[2026-09-05 15:46:03] [DEBUG] RUNNING: taskset -c 0-71 env OMP_PLACES=cores OMP_PROC_BIND=spread numactl --interleave=all ../build/cpu_param_sweep 262144 1024 1024 1
[2026-09-05 15:46:12] [DEBUG] RUNNING: taskset -c 0-71 env OMP_PLACES=cores OMP_PROC_BIND=spread numactl --interleave=all ../build/cpu_param_sweep 262144 1024 1024 20
[2026-09-05 15:46:13] [DEBUG] RUNNING: taskset -c 0-71 env OMP_PLACES=cores OMP_PROC_BIND=spread numactl --interleave=all ../build/cpu_param_sweep 262144 1024 1024 2
